<html>
<body>
<pre>
<h1>µVision Build Log</h1>
<h2>Tool Versions:</h2>
IDE-Version: ¦ÌVision V5.37.0.0
Copyright (C) 2022 ARM Ltd and ARM Germany GmbH. All rights reserved.
License Information: 1 èïÕÐ, 1, LIC=8VRJ7-ELI43-PCWJ8-3TASG-4AUNP-QEDZY
 
Tool Versions:
Toolchain:       MDK-ARM Plus  Version: 5.37.0.0
Toolchain Path:  D:\Keil MDK\MDK\ARM\ARMCC\Bin
C Compiler:      Armcc.exe V5.06 update 5 (build 528)
Assembler:       Armasm.exe V5.06 update 5 (build 528)
Linker/Locator:  ArmLink.exe V5.06 update 5 (build 528)
Library Manager: ArmAr.exe V5.06 update 5 (build 528)
Hex Converter:   FromElf.exe V5.06 update 5 (build 528)
CPU DLL:         SARMCM3.DLL V5.37.0.0
Dialog DLL:      DCM.DLL V1.17.5.0
Target DLL:      CMSIS_AGDI.dll V1.33.12.0
Dialog DLL:      TCM.DLL V1.56.1.0
 
<h2>Project:</h2>
C:\Users\èïÕÐ\Desktop\Ä£ÄâÈü\MDK-ARM\HAL_06_LCD.uvprojx
Project File Date:  03/04/2023

<h2>Output:</h2>
*** Using Compiler 'V5.06 update 5 (build 528)', folder: 'D:\Keil MDK\MDK\ARM\ARMCC\Bin'
Rebuild target 'HAL_06_LCD'
Note: source file '..\Src\BSP\tim.c' - object file renamed from 'HAL_06_LCD\tim.o' to 'HAL_06_LCD\tim_1.o'.
Note: source file '..\Src\BSP\usart.c' - object file renamed from 'HAL_06_LCD\usart.o' to 'HAL_06_LCD\usart_1.o'.
Note: source file '..\Src\BSP\gpio.c' - object file renamed from 'HAL_06_LCD\gpio.o' to 'HAL_06_LCD\gpio_1.o'.
assembling startup_stm32g431xx.s...
compiling stm32g4xx_ll_pwr.c...
compiling stm32g4xx_hal_flash_ramfunc.c...
compiling stm32g4xx_hal_gpio.c...
compiling stm32g4xx_hal.c...
compiling stm32g4xx_it.c...
compiling system_stm32g4xx.c...
compiling stm32g4xx_hal_flash_ex.c...
compiling stm32g4xx_hal_flash.c...
compiling main.c...
../Src/main.c(317): warning:  #223-D: function "sprintf" declared implicitly
  		sprintf(Lcd_Disp_String,"        PA1");
../Src/main.c(326): warning:  #223-D: function "sprintf" declared implicitly
  		sprintf(Lcd_Disp_String,"        PA7");
../Src/main.c(358): warning:  #223-D: function "sprintf" declared implicitly
  				sprintf(str,"ERROR\r\n");
../Src/main.c(363): warning:  #223-D: function "sprintf" declared implicitly
  			sprintf(str,"KEY CONTROL\r\n");
../Src/main.c(365): warning:  #223-D: function "strlen" declared implicitly
  		HAL_UART_Transmit(&huart1,(uint8_t *)str,strlen(str),50);
../Src/main.c: 5 warnings, 0 errors
compiling stm32g4xx_hal_msp.c...
compiling stm32g4xx_hal_rcc.c...
compiling stm32g4xx_hal_tim_ex.c...
compiling stm32g4xx_hal_rcc_ex.c...
compiling stm32g4xx_hal_tim.c...
compiling stm32g4xx_hal_exti.c...
compiling stm32g4xx_hal_dma_ex.c...
compiling stm32g4xx_hal_uart_ex.c...
compiling stm32g4xx_hal_dma.c...
compiling stm32g4xx_hal_pwr.c...
compiling stm32g4xx_hal_cortex.c...
compiling Led&Key.c...
compiling tim.c...
compiling usart.c...
compiling stm32g4xx_hal_pwr_ex.c...
compiling lcd.c...
compiling gpio.c...
compiling stm32g4xx_hal_uart.c...
linking...
Program Size: Code=16840 RO-data=5088 RW-data=72 ZI-data=1384  
FromELF: creating hex file...
"HAL_06_LCD\ESG22416.axf" - 0 Error(s), 5 Warning(s).

<h2>Software Packages used:</h2>

Package Vendor: ARM
                http://www.keil.com/pack/ARM.CMSIS.5.9.0.pack
                ARM.CMSIS.5.9.0
                CMSIS (Common Microcontroller Software Interface Standard)
   * Component: CORE Version: 5.6.0

Package Vendor: Keil
                https://www.keil.com/pack/Keil.STM32G4xx_DFP.1.5.0.pack
                Keil.STM32G4xx_DFP.1.5.0
                STMicroelectronics STM32G4 Series Device Support, Drivers and Examples

<h2>Collection of Component include folders:</h2>
  ./RTE/_HAL_06_LCD
  D:/Keil MDK/arm/Pack/ARM/CMSIS/5.9.0/CMSIS/Core/Include
  D:/Keil MDK/arm/Pack/Keil/STM32G4xx_DFP/1.5.0/Drivers/CMSIS/Device/ST/STM32G4xx/Include

<h2>Collection of Component Files used:</h2>

   * Component: ARM::CMSIS:CORE:5.6.0
Build Time Elapsed:  00:00:06
</pre>
</body>
</html>
